../LoRaWAN/App/lora_app.c:222:6:LoRaWAN_Init	24	static
../LoRaWAN/App/lora_app.c:302:6:HAL_GPIO_EXTI_Callback	16	static
../LoRaWAN/App/lora_app.c:322:13:OnRxData	48	static
../LoRaWAN/App/lora_app.c:388:13:SendTxData	32	static
../LoRaWAN/App/lora_app.c:469:13:OnTxTimerEvent	16	static
../LoRaWAN/App/lora_app.c:484:13:OnTxTimerLedEvent	16	static
../LoRaWAN/App/lora_app.c:489:13:OnRxTimerLedEvent	16	static
../LoRaWAN/App/lora_app.c:494:13:OnJoinTimerLedEvent	16	static
../LoRaWAN/App/lora_app.c:501:13:OnTxData	32	static
../LoRaWAN/App/lora_app.c:530:13:OnJoinRequest	16	static
../LoRaWAN/App/lora_app.c:558:13:OnMacProcessNotify	8	static
