../../../../../Drivers/STM32WLxx_HAL_Driver/Inc/stm32wlxx_ll_rcc.h:1258:22:LL_RCC_LSE_SetDriveCapability	16	static
../../../../../Drivers/STM32WLxx_HAL_Driver/Inc/stm32wlxx_ll_bus.h:449:22:LL_AHB2_GRP1_EnableClock	24	static
../Core/Src/main.c:98:5:main	72	static
../Core/Src/main.c:174:6:SystemClock_Config	112	static
../Core/Src/main.c:222:13:MX_LPTIM1_Init	8	static
../Core/Src/main.c:258:6:MX_GPIO_Init	32	static
../Core/Src/main.c:324:9:LED_control	16	static
../Core/Src/main.c:333:6:StartLoRaWANTask	16	static
../Core/Src/main.c:355:6:StartLedTask	16	static
../Core/Src/main.c:385:6:Error_Handler	4	static,ignoring_inline_asm
